Archive member included because of file (symbol)

/usr/local/CrossPack-AVR-20121207/lib/gcc/avr/4.6.2/avr5/libgcc.a(_divmodhi4.o)
                              uart.o (__divmodhi4)
/usr/local/CrossPack-AVR-20121207/lib/gcc/avr/4.6.2/avr5/libgcc.a(_exit.o)
                              /usr/local/CrossPack-AVR-20121207/lib/gcc/avr/4.6.2/../../../../avr/lib/avr5/crtm328p.o (exit)
/usr/local/CrossPack-AVR-20121207/lib/gcc/avr/4.6.2/avr5/libgcc.a(_copy_data.o)
                              Blue_Rotary-v3.o (__do_copy_data)
/usr/local/CrossPack-AVR-20121207/lib/gcc/avr/4.6.2/avr5/libgcc.a(_clear_bss.o)
                              Blue_Rotary-v3.o (__do_clear_bss)
/usr/local/CrossPack-AVR-20121207/lib/gcc/avr/4.6.2/avr5/libgcc.a(_udivmodhi4.o)
                              /usr/local/CrossPack-AVR-20121207/lib/gcc/avr/4.6.2/avr5/libgcc.a(_divmodhi4.o) (__udivmodhi4)
/usr/local/CrossPack-AVR-20121207/lib/gcc/avr/4.6.2/../../../../avr/lib/avr5/libc.a(strtok.o)
                              Blue_Rotary-v3.o (strtok)
/usr/local/CrossPack-AVR-20121207/lib/gcc/avr/4.6.2/../../../../avr/lib/avr5/libc.a(strcpy.o)
                              Blue_Rotary-v3.o (strcpy)
/usr/local/CrossPack-AVR-20121207/lib/gcc/avr/4.6.2/../../../../avr/lib/avr5/libc.a(strtok_r.o)
                              /usr/local/CrossPack-AVR-20121207/lib/gcc/avr/4.6.2/../../../../avr/lib/avr5/libc.a(strtok.o) (strtok_r)

Allocating common symbols
Common symbol       size              file

rotary_high         0x1               Blue_Rotary-v3.o
temp                0x1               Blue_Rotary-v3.o
message_complete    0x1               Blue_Rotary-v3.o
dialed_number       0x2               Blue_Rotary-v3.o
counter             0x2               Blue_Rotary-v3.o
ring_tone_flag      0x1               Blue_Rotary-v3.o
phone_number        0x14              Blue_Rotary-v3.o
number_length       0x1               Blue_Rotary-v3.o

Memory Configuration

Name             Origin             Length             Attributes
text             0x00000000         0x00020000         xr
data             0x00800060         0x0000ffa0         rw !x
eeprom           0x00810000         0x00010000         rw !x
fuse             0x00820000         0x00000400         rw !x
lock             0x00830000         0x00000400         rw !x
signature        0x00840000         0x00000400         rw !x
*default*        0x00000000         0xffffffff

Linker script and memory map

Address of section .data set to 0x800100
LOAD /usr/local/CrossPack-AVR-20121207/lib/gcc/avr/4.6.2/../../../../avr/lib/avr5/crtm328p.o
LOAD Blue_Rotary-v3.o
LOAD uart.o
LOAD /usr/local/CrossPack-AVR-20121207/lib/gcc/avr/4.6.2/../../../../avr/lib/avr5/libm.a
LOAD /usr/local/CrossPack-AVR-20121207/lib/gcc/avr/4.6.2/avr5/libgcc.a
LOAD /usr/local/CrossPack-AVR-20121207/lib/gcc/avr/4.6.2/../../../../avr/lib/avr5/libc.a
LOAD /usr/local/CrossPack-AVR-20121207/lib/gcc/avr/4.6.2/avr5/libgcc.a

.hash
 *(.hash)

.dynsym
 *(.dynsym)

.dynstr
 *(.dynstr)

.gnu.version
 *(.gnu.version)

.gnu.version_d
 *(.gnu.version_d)

.gnu.version_r
 *(.gnu.version_r)

.rel.init
 *(.rel.init)

.rela.init
 *(.rela.init)

.rel.text
 *(.rel.text)
 *(.rel.text.*)
 *(.rel.gnu.linkonce.t*)

.rela.text
 *(.rela.text)
 *(.rela.text.*)
 *(.rela.gnu.linkonce.t*)

.rel.fini
 *(.rel.fini)

.rela.fini
 *(.rela.fini)

.rel.rodata
 *(.rel.rodata)
 *(.rel.rodata.*)
 *(.rel.gnu.linkonce.r*)

.rela.rodata
 *(.rela.rodata)
 *(.rela.rodata.*)
 *(.rela.gnu.linkonce.r*)

.rel.data
 *(.rel.data)
 *(.rel.data.*)
 *(.rel.gnu.linkonce.d*)

.rela.data
 *(.rela.data)
 *(.rela.data.*)
 *(.rela.gnu.linkonce.d*)

.rel.ctors
 *(.rel.ctors)

.rela.ctors
 *(.rela.ctors)

.rel.dtors
 *(.rel.dtors)

.rela.dtors
 *(.rela.dtors)

.rel.got
 *(.rel.got)

.rela.got
 *(.rela.got)

.rel.bss
 *(.rel.bss)

.rela.bss
 *(.rela.bss)

.rel.plt
 *(.rel.plt)

.rela.plt
 *(.rela.plt)

.text           0x00000000      0x85a
 *(.vectors)
 .vectors       0x00000000       0x68 /usr/local/CrossPack-AVR-20121207/lib/gcc/avr/4.6.2/../../../../avr/lib/avr5/crtm328p.o
                0x00000000                __vectors
                0x00000000                __vector_default
 *(.vectors)
 *(.progmem.gcc*)
 *(.progmem*)
 .progmem.data  0x00000068       0xff Blue_Rotary-v3.o
                0x00000068                sine_table
                0x00000168                . = ALIGN (0x2)
 *fill*         0x00000167        0x1 00
                0x00000168                __trampolines_start = .
 *(.trampolines)
 .trampolines   0x00000168        0x0 linker stubs
 *(.trampolines*)
                0x00000168                __trampolines_end = .
 *(.jumptables)
 *(.jumptables*)
 *(.lowtext)
 *(.lowtext*)
                0x00000168                __ctors_start = .
 *(.ctors)
                0x00000168                __ctors_end = .
                0x00000168                __dtors_start = .
 *(.dtors)
                0x00000168                __dtors_end = .
 SORT(*)(.ctors)
 SORT(*)(.dtors)
 *(.init0)
 .init0         0x00000168        0x0 /usr/local/CrossPack-AVR-20121207/lib/gcc/avr/4.6.2/../../../../avr/lib/avr5/crtm328p.o
                0x00000168                __init
 *(.init0)
 *(.init1)
 *(.init1)
 *(.init2)
 .init2         0x00000168        0xc /usr/local/CrossPack-AVR-20121207/lib/gcc/avr/4.6.2/../../../../avr/lib/avr5/crtm328p.o
 *(.init2)
 *(.init3)
 *(.init3)
 *(.init4)
 .init4         0x00000174       0x16 /usr/local/CrossPack-AVR-20121207/lib/gcc/avr/4.6.2/avr5/libgcc.a(_copy_data.o)
                0x00000174                __do_copy_data
 .init4         0x0000018a       0x10 /usr/local/CrossPack-AVR-20121207/lib/gcc/avr/4.6.2/avr5/libgcc.a(_clear_bss.o)
                0x0000018a                __do_clear_bss
 *(.init4)
 *(.init5)
 *(.init5)
 *(.init6)
 *(.init6)
 *(.init7)
 *(.init7)
 *(.init8)
 *(.init8)
 *(.init9)
 .init9         0x0000019a        0x8 /usr/local/CrossPack-AVR-20121207/lib/gcc/avr/4.6.2/../../../../avr/lib/avr5/crtm328p.o
 *(.init9)
 *(.text)
 .text          0x000001a2        0x4 /usr/local/CrossPack-AVR-20121207/lib/gcc/avr/4.6.2/../../../../avr/lib/avr5/crtm328p.o
                0x000001a2                __vector_20
                0x000001a2                __vector_1
                0x000001a2                __vector_24
                0x000001a2                __vector_12
                0x000001a2                __bad_interrupt
                0x000001a2                __vector_6
                0x000001a2                __vector_3
                0x000001a2                __vector_23
                0x000001a2                __vector_25
                0x000001a2                __vector_11
                0x000001a2                __vector_13
                0x000001a2                __vector_17
                0x000001a2                __vector_9
                0x000001a2                __vector_2
                0x000001a2                __vector_21
                0x000001a2                __vector_15
                0x000001a2                __vector_14
                0x000001a2                __vector_10
                0x000001a2                __vector_22
 .text          0x000001a6      0x390 Blue_Rotary-v3.o
                0x000001a6                __vector_16
                0x000001d2                __vector_7
                0x0000025c                __vector_8
                0x000002e6                __vector_4
                0x0000034a                __vector_5
                0x00000468                ioinit
                0x000004cc                interpret_message
 .text          0x00000536      0x1d8 uart.o
                0x00000536                __vector_18
                0x0000058e                __vector_19
                0x000005e2                uart_init
                0x00000614                uart_getc
                0x00000648                uart_putc
                0x00000672                uart_puts
                0x000006ac                uart_puts_p
                0x000006ea                uart_available
                0x00000704                uart_flush
 .text          0x0000070e        0x0 /usr/local/CrossPack-AVR-20121207/lib/gcc/avr/4.6.2/avr5/libgcc.a(_divmodhi4.o)
 .text          0x0000070e        0x0 /usr/local/CrossPack-AVR-20121207/lib/gcc/avr/4.6.2/avr5/libgcc.a(_exit.o)
 .text          0x0000070e        0x0 /usr/local/CrossPack-AVR-20121207/lib/gcc/avr/4.6.2/avr5/libgcc.a(_copy_data.o)
 .text          0x0000070e        0x0 /usr/local/CrossPack-AVR-20121207/lib/gcc/avr/4.6.2/avr5/libgcc.a(_clear_bss.o)
 .text          0x0000070e        0x0 /usr/local/CrossPack-AVR-20121207/lib/gcc/avr/4.6.2/avr5/libgcc.a(_udivmodhi4.o)
 .text          0x0000070e        0x0 /usr/local/CrossPack-AVR-20121207/lib/gcc/avr/4.6.2/../../../../avr/lib/avr5/libc.a(strtok.o)
 .text          0x0000070e        0x0 /usr/local/CrossPack-AVR-20121207/lib/gcc/avr/4.6.2/../../../../avr/lib/avr5/libc.a(strcpy.o)
 .text          0x0000070e        0x0 /usr/local/CrossPack-AVR-20121207/lib/gcc/avr/4.6.2/../../../../avr/lib/avr5/libc.a(strtok_r.o)
                0x0000070e                . = ALIGN (0x2)
 *(.text.*)
 .text.startup  0x0000070e       0x94 Blue_Rotary-v3.o
                0x0000070e                main
 .text.libgcc   0x000007a2       0x26 /usr/local/CrossPack-AVR-20121207/lib/gcc/avr/4.6.2/avr5/libgcc.a(_divmodhi4.o)
                0x000007a2                __divmodhi4
                0x000007a2                _div
 .text.libgcc   0x000007c8        0x0 /usr/local/CrossPack-AVR-20121207/lib/gcc/avr/4.6.2/avr5/libgcc.a(_exit.o)
 .text.libgcc   0x000007c8        0x0 /usr/local/CrossPack-AVR-20121207/lib/gcc/avr/4.6.2/avr5/libgcc.a(_copy_data.o)
 .text.libgcc   0x000007c8        0x0 /usr/local/CrossPack-AVR-20121207/lib/gcc/avr/4.6.2/avr5/libgcc.a(_clear_bss.o)
 .text.libgcc   0x000007c8       0x28 /usr/local/CrossPack-AVR-20121207/lib/gcc/avr/4.6.2/avr5/libgcc.a(_udivmodhi4.o)
                0x000007c8                __udivmodhi4
 .text.avr-libc
                0x000007f0        0xa /usr/local/CrossPack-AVR-20121207/lib/gcc/avr/4.6.2/../../../../avr/lib/avr5/libc.a(strtok.o)
                0x000007f0                strtok
 .text.avr-libc
                0x000007fa        0xe /usr/local/CrossPack-AVR-20121207/lib/gcc/avr/4.6.2/../../../../avr/lib/avr5/libc.a(strcpy.o)
                0x000007fa                strcpy
 .text.avr-libc
                0x00000808       0x4e /usr/local/CrossPack-AVR-20121207/lib/gcc/avr/4.6.2/../../../../avr/lib/avr5/libc.a(strtok_r.o)
                0x00000808                strtok_r
                0x00000856                . = ALIGN (0x2)
 *(.fini9)
 .fini9         0x00000856        0x0 /usr/local/CrossPack-AVR-20121207/lib/gcc/avr/4.6.2/avr5/libgcc.a(_exit.o)
                0x00000856                exit
                0x00000856                _exit
 *(.fini9)
 *(.fini8)
 *(.fini8)
 *(.fini7)
 *(.fini7)
 *(.fini6)
 *(.fini6)
 *(.fini5)
 *(.fini5)
 *(.fini4)
 *(.fini4)
 *(.fini3)
 *(.fini3)
 *(.fini2)
 *(.fini2)
 *(.fini1)
 *(.fini1)
 *(.fini0)
 .fini0         0x00000856        0x4 /usr/local/CrossPack-AVR-20121207/lib/gcc/avr/4.6.2/avr5/libgcc.a(_exit.o)
 *(.fini0)
                0x0000085a                _etext = .

.data           0x00800100        0x2 load address 0x0000085a
                0x00800100                PROVIDE (__data_start, .)
 *(.data)
 .data          0x00800100        0x0 /usr/local/CrossPack-AVR-20121207/lib/gcc/avr/4.6.2/../../../../avr/lib/avr5/crtm328p.o
 .data          0x00800100        0x2 Blue_Rotary-v3.o
 .data          0x00800102        0x0 uart.o
 .data          0x00800102        0x0 /usr/local/CrossPack-AVR-20121207/lib/gcc/avr/4.6.2/avr5/libgcc.a(_divmodhi4.o)
 .data          0x00800102        0x0 /usr/local/CrossPack-AVR-20121207/lib/gcc/avr/4.6.2/avr5/libgcc.a(_exit.o)
 .data          0x00800102        0x0 /usr/local/CrossPack-AVR-20121207/lib/gcc/avr/4.6.2/avr5/libgcc.a(_copy_data.o)
 .data          0x00800102        0x0 /usr/local/CrossPack-AVR-20121207/lib/gcc/avr/4.6.2/avr5/libgcc.a(_clear_bss.o)
 .data          0x00800102        0x0 /usr/local/CrossPack-AVR-20121207/lib/gcc/avr/4.6.2/avr5/libgcc.a(_udivmodhi4.o)
 .data          0x00800102        0x0 /usr/local/CrossPack-AVR-20121207/lib/gcc/avr/4.6.2/../../../../avr/lib/avr5/libc.a(strtok.o)
 .data          0x00800102        0x0 /usr/local/CrossPack-AVR-20121207/lib/gcc/avr/4.6.2/../../../../avr/lib/avr5/libc.a(strcpy.o)
 .data          0x00800102        0x0 /usr/local/CrossPack-AVR-20121207/lib/gcc/avr/4.6.2/../../../../avr/lib/avr5/libc.a(strtok_r.o)
 *(.data*)
 *(.rodata)
 *(.rodata*)
 *(.gnu.linkonce.d*)
                0x00800102                . = ALIGN (0x2)
                0x00800102                _edata = .
                0x00800102                PROVIDE (__data_end, .)

.bss            0x00800102       0x6e
                0x00800102                PROVIDE (__bss_start, .)
 *(.bss)
 .bss           0x00800102        0x0 /usr/local/CrossPack-AVR-20121207/lib/gcc/avr/4.6.2/../../../../avr/lib/avr5/crtm328p.o
 .bss           0x00800102        0xa Blue_Rotary-v3.o
                0x00800102                location_440
                0x00800104                location_350
                0x00800106                connected
                0x00800108                get_number_timeout
                0x0080010a                message_index
 .bss           0x0080010c       0x45 uart.o
 .bss           0x00800151        0x0 /usr/local/CrossPack-AVR-20121207/lib/gcc/avr/4.6.2/avr5/libgcc.a(_divmodhi4.o)
 .bss           0x00800151        0x0 /usr/local/CrossPack-AVR-20121207/lib/gcc/avr/4.6.2/avr5/libgcc.a(_exit.o)
 .bss           0x00800151        0x0 /usr/local/CrossPack-AVR-20121207/lib/gcc/avr/4.6.2/avr5/libgcc.a(_copy_data.o)
 .bss           0x00800151        0x0 /usr/local/CrossPack-AVR-20121207/lib/gcc/avr/4.6.2/avr5/libgcc.a(_clear_bss.o)
 .bss           0x00800151        0x0 /usr/local/CrossPack-AVR-20121207/lib/gcc/avr/4.6.2/avr5/libgcc.a(_udivmodhi4.o)
 .bss           0x00800151        0x2 /usr/local/CrossPack-AVR-20121207/lib/gcc/avr/4.6.2/../../../../avr/lib/avr5/libc.a(strtok.o)
 .bss           0x00800153        0x0 /usr/local/CrossPack-AVR-20121207/lib/gcc/avr/4.6.2/../../../../avr/lib/avr5/libc.a(strcpy.o)
 .bss           0x00800153        0x0 /usr/local/CrossPack-AVR-20121207/lib/gcc/avr/4.6.2/../../../../avr/lib/avr5/libc.a(strtok_r.o)
 *(.bss*)
 *(COMMON)
 COMMON         0x00800153       0x1d Blue_Rotary-v3.o
                0x00800153                rotary_high
                0x00800154                temp
                0x00800155                message_complete
                0x00800156                dialed_number
                0x00800158                counter
                0x0080015a                ring_tone_flag
                0x0080015b                phone_number
                0x0080016f                number_length
                0x00800170                PROVIDE (__bss_end, .)
                0x0000085a                __data_load_start = LOADADDR (.data)
                0x0000085c                __data_load_end = (__data_load_start + SIZEOF (.data))

.noinit         0x00800170        0x0
                0x00800170                PROVIDE (__noinit_start, .)
 *(.noinit*)
                0x00800170                PROVIDE (__noinit_end, .)
                0x00800170                _end = .
                0x00800170                PROVIDE (__heap_start, .)

.eeprom         0x00810000        0x0
 *(.eeprom*)
                0x00810000                __eeprom_end = .

.fuse
 *(.fuse)
 *(.lfuse)
 *(.hfuse)
 *(.efuse)

.lock
 *(.lock*)

.signature
 *(.signature*)

.stab           0x00000000      0x93c
 *(.stab)
 .stab          0x00000000      0x6cc /usr/local/CrossPack-AVR-20121207/lib/gcc/avr/4.6.2/../../../../avr/lib/avr5/crtm328p.o
 .stab          0x000006cc       0x6c /usr/local/CrossPack-AVR-20121207/lib/gcc/avr/4.6.2/../../../../avr/lib/avr5/libc.a(strcpy.o)
                                 0x78 (size before relaxing)
 .stab          0x00000738      0x204 /usr/local/CrossPack-AVR-20121207/lib/gcc/avr/4.6.2/../../../../avr/lib/avr5/libc.a(strtok_r.o)
                                0x210 (size before relaxing)

.stabstr        0x00000000      0x139
 *(.stabstr)
 .stabstr       0x00000000      0x139 /usr/local/CrossPack-AVR-20121207/lib/gcc/avr/4.6.2/../../../../avr/lib/avr5/crtm328p.o

.stab.excl
 *(.stab.excl)

.stab.exclstr
 *(.stab.exclstr)

.stab.index
 *(.stab.index)

.stab.indexstr
 *(.stab.indexstr)

.comment
 *(.comment)

.debug
 *(.debug)

.line
 *(.line)

.debug_srcinfo
 *(.debug_srcinfo)

.debug_sfnames
 *(.debug_sfnames)

.debug_aranges  0x00000000      0x108
 *(.debug_aranges)
 .debug_aranges
                0x00000000       0x28 Blue_Rotary-v3.o
 .debug_aranges
                0x00000028       0x20 uart.o
 .debug_aranges
                0x00000048       0x20 /usr/local/CrossPack-AVR-20121207/lib/gcc/avr/4.6.2/avr5/libgcc.a(_divmodhi4.o)
 .debug_aranges
                0x00000068       0x20 /usr/local/CrossPack-AVR-20121207/lib/gcc/avr/4.6.2/avr5/libgcc.a(_exit.o)
 .debug_aranges
                0x00000088       0x20 /usr/local/CrossPack-AVR-20121207/lib/gcc/avr/4.6.2/avr5/libgcc.a(_copy_data.o)
 .debug_aranges
                0x000000a8       0x20 /usr/local/CrossPack-AVR-20121207/lib/gcc/avr/4.6.2/avr5/libgcc.a(_clear_bss.o)
 .debug_aranges
                0x000000c8       0x20 /usr/local/CrossPack-AVR-20121207/lib/gcc/avr/4.6.2/avr5/libgcc.a(_udivmodhi4.o)
 .debug_aranges
                0x000000e8       0x20 /usr/local/CrossPack-AVR-20121207/lib/gcc/avr/4.6.2/../../../../avr/lib/avr5/libc.a(strtok.o)

.debug_pubnames
 *(.debug_pubnames)

.debug_info     0x00000000      0xd5a
 *(.debug_info)
 .debug_info    0x00000000      0x595 Blue_Rotary-v3.o
 .debug_info    0x00000595      0x373 uart.o
 .debug_info    0x00000908       0xc0 /usr/local/CrossPack-AVR-20121207/lib/gcc/avr/4.6.2/avr5/libgcc.a(_divmodhi4.o)
 .debug_info    0x000009c8       0xc0 /usr/local/CrossPack-AVR-20121207/lib/gcc/avr/4.6.2/avr5/libgcc.a(_exit.o)
 .debug_info    0x00000a88       0xc0 /usr/local/CrossPack-AVR-20121207/lib/gcc/avr/4.6.2/avr5/libgcc.a(_copy_data.o)
 .debug_info    0x00000b48       0xc0 /usr/local/CrossPack-AVR-20121207/lib/gcc/avr/4.6.2/avr5/libgcc.a(_clear_bss.o)
 .debug_info    0x00000c08       0xc0 /usr/local/CrossPack-AVR-20121207/lib/gcc/avr/4.6.2/avr5/libgcc.a(_udivmodhi4.o)
 .debug_info    0x00000cc8       0x92 /usr/local/CrossPack-AVR-20121207/lib/gcc/avr/4.6.2/../../../../avr/lib/avr5/libc.a(strtok.o)
 *(.gnu.linkonce.wi.*)

.debug_abbrev   0x00000000      0x445
 *(.debug_abbrev)
 .debug_abbrev  0x00000000      0x1c5 Blue_Rotary-v3.o
 .debug_abbrev  0x000001c5      0x1a5 uart.o
 .debug_abbrev  0x0000036a       0x14 /usr/local/CrossPack-AVR-20121207/lib/gcc/avr/4.6.2/avr5/libgcc.a(_divmodhi4.o)
 .debug_abbrev  0x0000037e       0x14 /usr/local/CrossPack-AVR-20121207/lib/gcc/avr/4.6.2/avr5/libgcc.a(_exit.o)
 .debug_abbrev  0x00000392       0x14 /usr/local/CrossPack-AVR-20121207/lib/gcc/avr/4.6.2/avr5/libgcc.a(_copy_data.o)
 .debug_abbrev  0x000003a6       0x14 /usr/local/CrossPack-AVR-20121207/lib/gcc/avr/4.6.2/avr5/libgcc.a(_clear_bss.o)
 .debug_abbrev  0x000003ba       0x14 /usr/local/CrossPack-AVR-20121207/lib/gcc/avr/4.6.2/avr5/libgcc.a(_udivmodhi4.o)
 .debug_abbrev  0x000003ce       0x77 /usr/local/CrossPack-AVR-20121207/lib/gcc/avr/4.6.2/../../../../avr/lib/avr5/libc.a(strtok.o)

.debug_line     0x00000000      0x52f
 *(.debug_line)
 .debug_line    0x00000000      0x1e9 Blue_Rotary-v3.o
 .debug_line    0x000001e9       0xfc uart.o
 .debug_line    0x000002e5       0x6d /usr/local/CrossPack-AVR-20121207/lib/gcc/avr/4.6.2/avr5/libgcc.a(_divmodhi4.o)
 .debug_line    0x00000352       0x5c /usr/local/CrossPack-AVR-20121207/lib/gcc/avr/4.6.2/avr5/libgcc.a(_exit.o)
 .debug_line    0x000003ae       0x65 /usr/local/CrossPack-AVR-20121207/lib/gcc/avr/4.6.2/avr5/libgcc.a(_copy_data.o)
 .debug_line    0x00000413       0x62 /usr/local/CrossPack-AVR-20121207/lib/gcc/avr/4.6.2/avr5/libgcc.a(_clear_bss.o)
 .debug_line    0x00000475       0x6e /usr/local/CrossPack-AVR-20121207/lib/gcc/avr/4.6.2/avr5/libgcc.a(_udivmodhi4.o)
 .debug_line    0x000004e3       0x4c /usr/local/CrossPack-AVR-20121207/lib/gcc/avr/4.6.2/../../../../avr/lib/avr5/libc.a(strtok.o)

.debug_frame    0x00000000      0x2cc
 *(.debug_frame)
 .debug_frame   0x00000000      0x1b4 Blue_Rotary-v3.o
 .debug_frame   0x000001b4       0xf4 uart.o
 .debug_frame   0x000002a8       0x24 /usr/local/CrossPack-AVR-20121207/lib/gcc/avr/4.6.2/../../../../avr/lib/avr5/libc.a(strtok.o)

.debug_str      0x00000000      0x3b3
 *(.debug_str)
 .debug_str     0x00000000      0x234 Blue_Rotary-v3.o
                                0x275 (size before relaxing)
 .debug_str     0x00000234       0xf8 uart.o
                                0x1c3 (size before relaxing)
 .debug_str     0x0000032c       0x87 /usr/local/CrossPack-AVR-20121207/lib/gcc/avr/4.6.2/../../../../avr/lib/avr5/libc.a(strtok.o)
                                 0xa5 (size before relaxing)

.debug_loc      0x00000000      0x7f3
 *(.debug_loc)
 .debug_loc     0x00000000      0x4d0 Blue_Rotary-v3.o
 .debug_loc     0x000004d0      0x2f3 uart.o
 .debug_loc     0x000007c3       0x30 /usr/local/CrossPack-AVR-20121207/lib/gcc/avr/4.6.2/../../../../avr/lib/avr5/libc.a(strtok.o)

.debug_macinfo
 *(.debug_macinfo)
OUTPUT(Blue_Rotary-v3.elf elf32-avr)
LOAD linker stubs

.debug_ranges   0x00000000       0x48
 .debug_ranges  0x00000000       0x18 Blue_Rotary-v3.o
 .debug_ranges  0x00000018       0x20 uart.o
 .debug_ranges  0x00000038       0x10 /usr/local/CrossPack-AVR-20121207/lib/gcc/avr/4.6.2/../../../../avr/lib/avr5/libc.a(strtok.o)

Cross Reference Table

Symbol                                            File
__bad_interrupt                                   /usr/local/CrossPack-AVR-20121207/lib/gcc/avr/4.6.2/../../../../avr/lib/avr5/crtm328p.o
__bss_end                                         /usr/local/CrossPack-AVR-20121207/lib/gcc/avr/4.6.2/avr5/libgcc.a(_clear_bss.o)
__bss_start                                       /usr/local/CrossPack-AVR-20121207/lib/gcc/avr/4.6.2/avr5/libgcc.a(_clear_bss.o)
__data_end                                        /usr/local/CrossPack-AVR-20121207/lib/gcc/avr/4.6.2/avr5/libgcc.a(_copy_data.o)
__data_load_start                                 /usr/local/CrossPack-AVR-20121207/lib/gcc/avr/4.6.2/avr5/libgcc.a(_copy_data.o)
__data_start                                      /usr/local/CrossPack-AVR-20121207/lib/gcc/avr/4.6.2/avr5/libgcc.a(_copy_data.o)
__divmodhi4                                       /usr/local/CrossPack-AVR-20121207/lib/gcc/avr/4.6.2/avr5/libgcc.a(_divmodhi4.o)
                                                  uart.o
__do_clear_bss                                    /usr/local/CrossPack-AVR-20121207/lib/gcc/avr/4.6.2/avr5/libgcc.a(_clear_bss.o)
                                                  /usr/local/CrossPack-AVR-20121207/lib/gcc/avr/4.6.2/../../../../avr/lib/avr5/libc.a(strtok.o)
                                                  uart.o
                                                  Blue_Rotary-v3.o
__do_copy_data                                    /usr/local/CrossPack-AVR-20121207/lib/gcc/avr/4.6.2/avr5/libgcc.a(_copy_data.o)
                                                  /usr/local/CrossPack-AVR-20121207/lib/gcc/avr/4.6.2/../../../../avr/lib/avr5/libc.a(strtok.o)
                                                  uart.o
                                                  Blue_Rotary-v3.o
__heap_end                                        /usr/local/CrossPack-AVR-20121207/lib/gcc/avr/4.6.2/../../../../avr/lib/avr5/crtm328p.o
__init                                            /usr/local/CrossPack-AVR-20121207/lib/gcc/avr/4.6.2/../../../../avr/lib/avr5/crtm328p.o
__stack                                           /usr/local/CrossPack-AVR-20121207/lib/gcc/avr/4.6.2/../../../../avr/lib/avr5/crtm328p.o
__udivmodhi4                                      /usr/local/CrossPack-AVR-20121207/lib/gcc/avr/4.6.2/avr5/libgcc.a(_udivmodhi4.o)
                                                  /usr/local/CrossPack-AVR-20121207/lib/gcc/avr/4.6.2/avr5/libgcc.a(_divmodhi4.o)
__vector_1                                        /usr/local/CrossPack-AVR-20121207/lib/gcc/avr/4.6.2/../../../../avr/lib/avr5/crtm328p.o
__vector_10                                       /usr/local/CrossPack-AVR-20121207/lib/gcc/avr/4.6.2/../../../../avr/lib/avr5/crtm328p.o
__vector_11                                       /usr/local/CrossPack-AVR-20121207/lib/gcc/avr/4.6.2/../../../../avr/lib/avr5/crtm328p.o
__vector_12                                       /usr/local/CrossPack-AVR-20121207/lib/gcc/avr/4.6.2/../../../../avr/lib/avr5/crtm328p.o
__vector_13                                       /usr/local/CrossPack-AVR-20121207/lib/gcc/avr/4.6.2/../../../../avr/lib/avr5/crtm328p.o
__vector_14                                       /usr/local/CrossPack-AVR-20121207/lib/gcc/avr/4.6.2/../../../../avr/lib/avr5/crtm328p.o
__vector_15                                       /usr/local/CrossPack-AVR-20121207/lib/gcc/avr/4.6.2/../../../../avr/lib/avr5/crtm328p.o
__vector_16                                       Blue_Rotary-v3.o
                                                  /usr/local/CrossPack-AVR-20121207/lib/gcc/avr/4.6.2/../../../../avr/lib/avr5/crtm328p.o
__vector_17                                       /usr/local/CrossPack-AVR-20121207/lib/gcc/avr/4.6.2/../../../../avr/lib/avr5/crtm328p.o
__vector_18                                       uart.o
                                                  /usr/local/CrossPack-AVR-20121207/lib/gcc/avr/4.6.2/../../../../avr/lib/avr5/crtm328p.o
__vector_19                                       uart.o
                                                  /usr/local/CrossPack-AVR-20121207/lib/gcc/avr/4.6.2/../../../../avr/lib/avr5/crtm328p.o
__vector_2                                        /usr/local/CrossPack-AVR-20121207/lib/gcc/avr/4.6.2/../../../../avr/lib/avr5/crtm328p.o
__vector_20                                       /usr/local/CrossPack-AVR-20121207/lib/gcc/avr/4.6.2/../../../../avr/lib/avr5/crtm328p.o
__vector_21                                       /usr/local/CrossPack-AVR-20121207/lib/gcc/avr/4.6.2/../../../../avr/lib/avr5/crtm328p.o
__vector_22                                       /usr/local/CrossPack-AVR-20121207/lib/gcc/avr/4.6.2/../../../../avr/lib/avr5/crtm328p.o
__vector_23                                       /usr/local/CrossPack-AVR-20121207/lib/gcc/avr/4.6.2/../../../../avr/lib/avr5/crtm328p.o
__vector_24                                       /usr/local/CrossPack-AVR-20121207/lib/gcc/avr/4.6.2/../../../../avr/lib/avr5/crtm328p.o
__vector_25                                       /usr/local/CrossPack-AVR-20121207/lib/gcc/avr/4.6.2/../../../../avr/lib/avr5/crtm328p.o
__vector_3                                        /usr/local/CrossPack-AVR-20121207/lib/gcc/avr/4.6.2/../../../../avr/lib/avr5/crtm328p.o
__vector_4                                        Blue_Rotary-v3.o
                                                  /usr/local/CrossPack-AVR-20121207/lib/gcc/avr/4.6.2/../../../../avr/lib/avr5/crtm328p.o
__vector_5                                        Blue_Rotary-v3.o
                                                  /usr/local/CrossPack-AVR-20121207/lib/gcc/avr/4.6.2/../../../../avr/lib/avr5/crtm328p.o
__vector_6                                        /usr/local/CrossPack-AVR-20121207/lib/gcc/avr/4.6.2/../../../../avr/lib/avr5/crtm328p.o
__vector_7                                        Blue_Rotary-v3.o
                                                  /usr/local/CrossPack-AVR-20121207/lib/gcc/avr/4.6.2/../../../../avr/lib/avr5/crtm328p.o
__vector_8                                        Blue_Rotary-v3.o
                                                  /usr/local/CrossPack-AVR-20121207/lib/gcc/avr/4.6.2/../../../../avr/lib/avr5/crtm328p.o
__vector_9                                        /usr/local/CrossPack-AVR-20121207/lib/gcc/avr/4.6.2/../../../../avr/lib/avr5/crtm328p.o
__vector_default                                  /usr/local/CrossPack-AVR-20121207/lib/gcc/avr/4.6.2/../../../../avr/lib/avr5/crtm328p.o
__vectors                                         /usr/local/CrossPack-AVR-20121207/lib/gcc/avr/4.6.2/../../../../avr/lib/avr5/crtm328p.o
_div                                              /usr/local/CrossPack-AVR-20121207/lib/gcc/avr/4.6.2/avr5/libgcc.a(_divmodhi4.o)
_exit                                             /usr/local/CrossPack-AVR-20121207/lib/gcc/avr/4.6.2/avr5/libgcc.a(_exit.o)
connected                                         Blue_Rotary-v3.o
counter                                           Blue_Rotary-v3.o
dialed_number                                     Blue_Rotary-v3.o
exit                                              /usr/local/CrossPack-AVR-20121207/lib/gcc/avr/4.6.2/avr5/libgcc.a(_exit.o)
                                                  /usr/local/CrossPack-AVR-20121207/lib/gcc/avr/4.6.2/../../../../avr/lib/avr5/crtm328p.o
get_number_timeout                                Blue_Rotary-v3.o
interpret_message                                 Blue_Rotary-v3.o
ioinit                                            Blue_Rotary-v3.o
location_350                                      Blue_Rotary-v3.o
location_440                                      Blue_Rotary-v3.o
main                                              Blue_Rotary-v3.o
                                                  /usr/local/CrossPack-AVR-20121207/lib/gcc/avr/4.6.2/../../../../avr/lib/avr5/crtm328p.o
message_complete                                  Blue_Rotary-v3.o
message_index                                     Blue_Rotary-v3.o
number_length                                     Blue_Rotary-v3.o
phone_number                                      Blue_Rotary-v3.o
ring_tone_flag                                    Blue_Rotary-v3.o
rotary_high                                       Blue_Rotary-v3.o
sine_table                                        Blue_Rotary-v3.o
strcpy                                            /usr/local/CrossPack-AVR-20121207/lib/gcc/avr/4.6.2/../../../../avr/lib/avr5/libc.a(strcpy.o)
                                                  Blue_Rotary-v3.o
strtok                                            /usr/local/CrossPack-AVR-20121207/lib/gcc/avr/4.6.2/../../../../avr/lib/avr5/libc.a(strtok.o)
                                                  Blue_Rotary-v3.o
strtok_r                                          /usr/local/CrossPack-AVR-20121207/lib/gcc/avr/4.6.2/../../../../avr/lib/avr5/libc.a(strtok_r.o)
                                                  /usr/local/CrossPack-AVR-20121207/lib/gcc/avr/4.6.2/../../../../avr/lib/avr5/libc.a(strtok.o)
temp                                              Blue_Rotary-v3.o
uart_available                                    uart.o
uart_flush                                        uart.o
uart_getc                                         uart.o
                                                  Blue_Rotary-v3.o
uart_init                                         uart.o
                                                  Blue_Rotary-v3.o
uart_putc                                         uart.o
uart_puts                                         uart.o
uart_puts_p                                       uart.o
